--- Test 1: Blocking Logic (Cascade) ---
Initial: A:pending, B:pending, C:pending
Blocking C...
Result: A:blocked, B:blocked
PASS: Blocking cascaded

--- Test 2: Completion Logic (Pending -> In Progress) ---
Completing B...
Result: A:in_progress
PASS: Task A moved to in_progress

--- Test 3: New Dependency Logic (In Progress -> Pending) ---
Adding dependency A->B...
Result: A:pending
PASS: Task A reverted to pending

--- Test 4: New Dependency (Blocked) ---
Adding dependency A->B (blocked)...
Result: A:blocked
PASS: Task A became blocked

--- Test 5: Completion Logic (Mixed dependencies) ---
Completing C...
Result: A:in_progress
PASS: Task A moved to in_progress
